---
source: psy-interpreter/src/lib.rs
expression: "ctx.debug_scope(ScopeId::root())"
input_file: tests/struct_test.psy
---
ScopeId(0) (Module)
    Types:
        trait PersonLike (TypeId(103))
            Body: [DefId(75)]
            Unchecked Body: [DefId(3)]
        struct Person (TypeId(105))
            Fields:
                pub Tuple age_height (Identifier { id: IdentId(30), location: Location { file_id: FileId(0), start: 339, end: 349 } }, TypeId(105))
                pub Felt year_of_birth (Identifier { id: IdentId(31), location: Location { file_id: FileId(0), start: 383, end: 396 } }, TypeId(105))
        struct Family (TypeId(106))
            Fields:
                Person father (Identifier { id: IdentId(33), location: Location { file_id: FileId(0), start: 541, end: 547 } }, TypeId(106))
                Person mother (Identifier { id: IdentId(34), location: Location { file_id: FileId(0), start: 561, end: 567 } }, TypeId(106))
                pub Array children (Identifier { id: IdentId(35), location: Location { file_id: FileId(0), start: 585, end: 593 } }, TypeId(106))
        struct ContractStorage (TypeId(107))
            Fields:
                Felt a (Identifier { id: IdentId(24), location: Location { file_id: FileId(0), start: 1263, end: 1264 } }, TypeId(107))
                Array b (Identifier { id: IdentId(25), location: Location { file_id: FileId(0), start: 1276, end: 1277 } }, TypeId(107))
                Person c (Identifier { id: IdentId(46), location: Location { file_id: FileId(0), start: 1294, end: 1295 } }, TypeId(107))
        fn main (TypeId(108))
            Return Type: void (TypeId(1))
            Body: ExprId(2470)
        pub trait StorageNew (TypeId(11))
            Body: [DefId(0)]
            Unchecked Body: [DefId(28)]
        pub trait Storage (TypeId(16))
            Body: [DefId(2), DefId(3), DefId(4)]
            Unchecked Body: [DefId(30), DefId(31), DefId(32)]
        pub trait StorageAt (TypeId(20))
            Body: [DefId(6), DefId(7)]
            Unchecked Body: [DefId(34), DefId(35)]
            Generic Parameters: [TypeId(110), TypeId(111)]
        pub struct StorageRef (TypeId(22))
            Fields:
                pub Felt offset (Identifier { id: IdentId(69), location: Location { file_id: FileId(4), start: 744, end: 750 } }, TypeId(22))
                pub ContractMetadata metadata (Identifier { id: IdentId(70), location: Location { file_id: FileId(4), start: 766, end: 774 } }, TypeId(22))
            Generic Parameters: [TypeId(112), TypeId(113)]
        pub struct ArrayRef (TypeId(23))
            Fields:
                pub Felt offset (Identifier { id: IdentId(69), location: Location { file_id: FileId(4), start: 838, end: 844 } }, TypeId(23))
                pub ContractMetadata metadata (Identifier { id: IdentId(70), location: Location { file_id: FileId(4), start: 860, end: 868 } }, TypeId(23))
            Generic Parameters: [TypeId(114), TypeId(115)]
        pub struct ContractMetadata (TypeId(24))
            Fields:
                pub Felt contract_state_tree_height (Identifier { id: IdentId(76), location: Location { file_id: FileId(4), start: 5490, end: 5516 } }, TypeId(24))
                pub Felt contract_id (Identifier { id: IdentId(78), location: Location { file_id: FileId(4), start: 5532, end: 5543 } }, TypeId(24))
                pub Felt user_id (Identifier { id: IdentId(77), location: Location { file_id: FileId(4), start: 5559, end: 5566 } }, TypeId(24))
        pub trait EqAssign (TypeId(26))
            Body: [DefId(12)]
            Unchecked Body: [DefId(78)]
            Generic Parameters: [TypeId(171)]
        pub trait Eq (TypeId(29))
            Body: [DefId(14)]
            Unchecked Body: [DefId(80)]
            Generic Parameters: [TypeId(172)]
        pub trait AddAssign (TypeId(32))
            Body: [DefId(16)]
            Unchecked Body: [DefId(82)]
            Generic Parameters: [TypeId(173)]
        pub trait SubAssign (TypeId(35))
            Body: [DefId(18)]
            Unchecked Body: [DefId(84)]
            Generic Parameters: [TypeId(174)]
        pub trait MulAssign (TypeId(38))
            Body: [DefId(20)]
            Unchecked Body: [DefId(86)]
            Generic Parameters: [TypeId(175)]
        pub trait DivAssign (TypeId(41))
            Body: [DefId(22)]
            Unchecked Body: [DefId(88)]
            Generic Parameters: [TypeId(176)]
        pub trait RemAssign (TypeId(44))
            Body: [DefId(24)]
            Unchecked Body: [DefId(90)]
            Generic Parameters: [TypeId(177)]
        pub trait BitAndAssign (TypeId(47))
            Body: [DefId(26)]
            Unchecked Body: [DefId(92)]
            Generic Parameters: [TypeId(178)]
        pub trait BitOrAssign (TypeId(50))
            Body: [DefId(28)]
            Unchecked Body: [DefId(94)]
            Generic Parameters: [TypeId(179)]
        pub trait BitXorAssign (TypeId(53))
            Body: [DefId(30)]
            Unchecked Body: [DefId(96)]
            Generic Parameters: [TypeId(180)]
        pub trait ShlAssign (TypeId(56))
            Body: [DefId(32)]
            Unchecked Body: [DefId(98)]
            Generic Parameters: [TypeId(181)]
        pub trait ShrAssign (TypeId(59))
            Body: [DefId(34)]
            Unchecked Body: [DefId(100)]
            Generic Parameters: [TypeId(182)]
        pub struct StorageRef (TypeId(118))
            Fields:
                pub Felt offset (Identifier { id: IdentId(69), location: Location { file_id: FileId(4), start: 744, end: 750 } }, TypeId(118))
                pub ContractMetadata metadata (Identifier { id: IdentId(70), location: Location { file_id: FileId(4), start: 766, end: 774 } }, TypeId(118))
            Generic Parameters: [TypeId(116), TypeId(117)]
        pub struct ArrayRef (TypeId(122))
            Fields:
                pub Felt offset (Identifier { id: IdentId(69), location: Location { file_id: FileId(4), start: 838, end: 844 } }, TypeId(122))
                pub ContractMetadata metadata (Identifier { id: IdentId(70), location: Location { file_id: FileId(4), start: 860, end: 868 } }, TypeId(122))
            Generic Parameters: [TypeId(120), TypeId(121)]
        pub struct StorageRef (TypeId(125))
            Fields:
                pub Felt offset (Identifier { id: IdentId(69), location: Location { file_id: FileId(4), start: 744, end: 750 } }, TypeId(125))
                pub ContractMetadata metadata (Identifier { id: IdentId(70), location: Location { file_id: FileId(4), start: 766, end: 774 } }, TypeId(125))
            Generic Parameters: [TypeId(3), TypeId(124)]
        pub struct StorageRef (TypeId(129))
            Fields:
                pub Felt offset (Identifier { id: IdentId(69), location: Location { file_id: FileId(4), start: 744, end: 750 } }, TypeId(129))
                pub ContractMetadata metadata (Identifier { id: IdentId(70), location: Location { file_id: FileId(4), start: 766, end: 774 } }, TypeId(129))
            Generic Parameters: [TypeId(2), TypeId(124)]
        pub struct StorageRef (TypeId(133))
            Fields:
                pub Felt offset (Identifier { id: IdentId(69), location: Location { file_id: FileId(4), start: 744, end: 750 } }, TypeId(133))
                pub ContractMetadata metadata (Identifier { id: IdentId(70), location: Location { file_id: FileId(4), start: 766, end: 774 } }, TypeId(133))
            Generic Parameters: [TypeId(4), TypeId(124)]
        pub struct ArrayRef (TypeId(140))
            Fields:
                pub Felt offset (Identifier { id: IdentId(69), location: Location { file_id: FileId(4), start: 838, end: 844 } }, TypeId(140))
                pub ContractMetadata metadata (Identifier { id: IdentId(70), location: Location { file_id: FileId(4), start: 860, end: 868 } }, TypeId(140))
            Generic Parameters: [TypeId(137), TypeId(138)]
        pub trait StorageAt (TypeId(148))
            Body: [DefId(104), DefId(105)]
            Unchecked Body: [DefId(34), DefId(35)]
            Generic Parameters: [TypeId(144), TypeId(145)]
        pub struct StorageRef (TypeId(154))
            Fields:
                pub Felt offset (Identifier { id: IdentId(69), location: Location { file_id: FileId(4), start: 744, end: 750 } }, TypeId(154))
                pub ContractMetadata metadata (Identifier { id: IdentId(70), location: Location { file_id: FileId(4), start: 766, end: 774 } }, TypeId(154))
            Generic Parameters: [TypeId(152), TypeId(153)]
        pub struct ArrayRef (TypeId(161))
            Fields:
                pub Felt offset (Identifier { id: IdentId(69), location: Location { file_id: FileId(4), start: 838, end: 844 } }, TypeId(161))
                pub ContractMetadata metadata (Identifier { id: IdentId(70), location: Location { file_id: FileId(4), start: 860, end: 868 } }, TypeId(161))
            Generic Parameters: [TypeId(159), TypeId(160)]
        pub trait EqAssign (TypeId(185))
            Body: [DefId(125)]
            Unchecked Body: [DefId(78)]
            Generic Parameters: [TypeId(3)]
        pub struct StorageRef (TypeId(186))
            Fields:
                pub Felt offset (Identifier { id: IdentId(69), location: Location { file_id: FileId(4), start: 744, end: 750 } }, TypeId(186))
                pub ContractMetadata metadata (Identifier { id: IdentId(70), location: Location { file_id: FileId(4), start: 766, end: 774 } }, TypeId(186))
            Generic Parameters: [TypeId(3), TypeId(183)]
        pub trait Eq (TypeId(190))
            Body: [DefId(129)]
            Unchecked Body: [DefId(80)]
            Generic Parameters: [TypeId(3)]
        pub struct StorageRef (TypeId(191))
            Fields:
                pub Felt offset (Identifier { id: IdentId(69), location: Location { file_id: FileId(4), start: 744, end: 750 } }, TypeId(191))
                pub ContractMetadata metadata (Identifier { id: IdentId(70), location: Location { file_id: FileId(4), start: 766, end: 774 } }, TypeId(191))
            Generic Parameters: [TypeId(3), TypeId(188)]
        pub struct StorageRef (TypeId(194))
            Fields:
                pub Felt offset (Identifier { id: IdentId(69), location: Location { file_id: FileId(4), start: 744, end: 750 } }, TypeId(194))
                pub ContractMetadata metadata (Identifier { id: IdentId(70), location: Location { file_id: FileId(4), start: 766, end: 774 } }, TypeId(194))
            Generic Parameters: [TypeId(3), TypeId(193)]
        pub trait Eq (TypeId(196))
            Body: [DefId(133)]
            Unchecked Body: [DefId(80)]
            Generic Parameters: [TypeId(194)]
        pub trait AddAssign (TypeId(200))
            Body: [DefId(137)]
            Unchecked Body: [DefId(82)]
            Generic Parameters: [TypeId(3)]
        pub struct StorageRef (TypeId(201))
            Fields:
                pub Felt offset (Identifier { id: IdentId(69), location: Location { file_id: FileId(4), start: 744, end: 750 } }, TypeId(201))
                pub ContractMetadata metadata (Identifier { id: IdentId(70), location: Location { file_id: FileId(4), start: 766, end: 774 } }, TypeId(201))
            Generic Parameters: [TypeId(3), TypeId(198)]
        pub trait SubAssign (TypeId(205))
            Body: [DefId(141)]
            Unchecked Body: [DefId(84)]
            Generic Parameters: [TypeId(3)]
        pub struct StorageRef (TypeId(206))
            Fields:
                pub Felt offset (Identifier { id: IdentId(69), location: Location { file_id: FileId(4), start: 744, end: 750 } }, TypeId(206))
                pub ContractMetadata metadata (Identifier { id: IdentId(70), location: Location { file_id: FileId(4), start: 766, end: 774 } }, TypeId(206))
            Generic Parameters: [TypeId(3), TypeId(203)]
        pub trait MulAssign (TypeId(210))
            Body: [DefId(145)]
            Unchecked Body: [DefId(86)]
            Generic Parameters: [TypeId(3)]
        pub struct StorageRef (TypeId(211))
            Fields:
                pub Felt offset (Identifier { id: IdentId(69), location: Location { file_id: FileId(4), start: 744, end: 750 } }, TypeId(211))
                pub ContractMetadata metadata (Identifier { id: IdentId(70), location: Location { file_id: FileId(4), start: 766, end: 774 } }, TypeId(211))
            Generic Parameters: [TypeId(3), TypeId(208)]
        pub trait DivAssign (TypeId(215))
            Body: [DefId(149)]
            Unchecked Body: [DefId(88)]
            Generic Parameters: [TypeId(3)]
        pub struct StorageRef (TypeId(216))
            Fields:
                pub Felt offset (Identifier { id: IdentId(69), location: Location { file_id: FileId(4), start: 744, end: 750 } }, TypeId(216))
                pub ContractMetadata metadata (Identifier { id: IdentId(70), location: Location { file_id: FileId(4), start: 766, end: 774 } }, TypeId(216))
            Generic Parameters: [TypeId(3), TypeId(213)]
        pub trait RemAssign (TypeId(220))
            Body: [DefId(153)]
            Unchecked Body: [DefId(90)]
            Generic Parameters: [TypeId(3)]
        pub struct StorageRef (TypeId(221))
            Fields:
                pub Felt offset (Identifier { id: IdentId(69), location: Location { file_id: FileId(4), start: 744, end: 750 } }, TypeId(221))
                pub ContractMetadata metadata (Identifier { id: IdentId(70), location: Location { file_id: FileId(4), start: 766, end: 774 } }, TypeId(221))
            Generic Parameters: [TypeId(3), TypeId(218)]
        pub trait BitAndAssign (TypeId(225))
            Body: [DefId(157)]
            Unchecked Body: [DefId(92)]
            Generic Parameters: [TypeId(3)]
        pub struct StorageRef (TypeId(226))
            Fields:
                pub Felt offset (Identifier { id: IdentId(69), location: Location { file_id: FileId(4), start: 744, end: 750 } }, TypeId(226))
                pub ContractMetadata metadata (Identifier { id: IdentId(70), location: Location { file_id: FileId(4), start: 766, end: 774 } }, TypeId(226))
            Generic Parameters: [TypeId(3), TypeId(223)]
        pub trait BitOrAssign (TypeId(230))
            Body: [DefId(161)]
            Unchecked Body: [DefId(94)]
            Generic Parameters: [TypeId(3)]
        pub struct StorageRef (TypeId(231))
            Fields:
                pub Felt offset (Identifier { id: IdentId(69), location: Location { file_id: FileId(4), start: 744, end: 750 } }, TypeId(231))
                pub ContractMetadata metadata (Identifier { id: IdentId(70), location: Location { file_id: FileId(4), start: 766, end: 774 } }, TypeId(231))
            Generic Parameters: [TypeId(3), TypeId(228)]
        pub trait BitXorAssign (TypeId(235))
            Body: [DefId(165)]
            Unchecked Body: [DefId(96)]
            Generic Parameters: [TypeId(3)]
        pub struct StorageRef (TypeId(236))
            Fields:
                pub Felt offset (Identifier { id: IdentId(69), location: Location { file_id: FileId(4), start: 744, end: 750 } }, TypeId(236))
                pub ContractMetadata metadata (Identifier { id: IdentId(70), location: Location { file_id: FileId(4), start: 766, end: 774 } }, TypeId(236))
            Generic Parameters: [TypeId(3), TypeId(233)]
        pub trait ShlAssign (TypeId(240))
            Body: [DefId(169)]
            Unchecked Body: [DefId(98)]
            Generic Parameters: [TypeId(3)]
        pub struct StorageRef (TypeId(241))
            Fields:
                pub Felt offset (Identifier { id: IdentId(69), location: Location { file_id: FileId(4), start: 744, end: 750 } }, TypeId(241))
                pub ContractMetadata metadata (Identifier { id: IdentId(70), location: Location { file_id: FileId(4), start: 766, end: 774 } }, TypeId(241))
            Generic Parameters: [TypeId(3), TypeId(238)]
        pub trait ShrAssign (TypeId(245))
            Body: [DefId(173)]
            Unchecked Body: [DefId(100)]
            Generic Parameters: [TypeId(3)]
        pub struct StorageRef (TypeId(246))
            Fields:
                pub Felt offset (Identifier { id: IdentId(69), location: Location { file_id: FileId(4), start: 744, end: 750 } }, TypeId(246))
                pub ContractMetadata metadata (Identifier { id: IdentId(70), location: Location { file_id: FileId(4), start: 766, end: 774 } }, TypeId(246))
            Generic Parameters: [TypeId(3), TypeId(243)]
        pub trait EqAssign (TypeId(250))
            Body: [DefId(177)]
            Unchecked Body: [DefId(78)]
            Generic Parameters: [TypeId(4)]
        pub struct StorageRef (TypeId(251))
            Fields:
                pub Felt offset (Identifier { id: IdentId(69), location: Location { file_id: FileId(4), start: 744, end: 750 } }, TypeId(251))
                pub ContractMetadata metadata (Identifier { id: IdentId(70), location: Location { file_id: FileId(4), start: 766, end: 774 } }, TypeId(251))
            Generic Parameters: [TypeId(4), TypeId(248)]
        pub trait Eq (TypeId(255))
            Body: [DefId(181)]
            Unchecked Body: [DefId(80)]
            Generic Parameters: [TypeId(4)]
        pub struct StorageRef (TypeId(256))
            Fields:
                pub Felt offset (Identifier { id: IdentId(69), location: Location { file_id: FileId(4), start: 744, end: 750 } }, TypeId(256))
                pub ContractMetadata metadata (Identifier { id: IdentId(70), location: Location { file_id: FileId(4), start: 766, end: 774 } }, TypeId(256))
            Generic Parameters: [TypeId(4), TypeId(253)]
        pub struct StorageRef (TypeId(259))
            Fields:
                pub Felt offset (Identifier { id: IdentId(69), location: Location { file_id: FileId(4), start: 744, end: 750 } }, TypeId(259))
                pub ContractMetadata metadata (Identifier { id: IdentId(70), location: Location { file_id: FileId(4), start: 766, end: 774 } }, TypeId(259))
            Generic Parameters: [TypeId(4), TypeId(258)]
        pub trait Eq (TypeId(261))
            Body: [DefId(185)]
            Unchecked Body: [DefId(80)]
            Generic Parameters: [TypeId(259)]
        pub trait Eq (TypeId(265))
            Body: [DefId(189)]
            Unchecked Body: [DefId(80)]
            Generic Parameters: [TypeId(2)]
        pub struct StorageRef (TypeId(266))
            Fields:
                pub Felt offset (Identifier { id: IdentId(69), location: Location { file_id: FileId(4), start: 744, end: 750 } }, TypeId(266))
                pub ContractMetadata metadata (Identifier { id: IdentId(70), location: Location { file_id: FileId(4), start: 766, end: 774 } }, TypeId(266))
            Generic Parameters: [TypeId(2), TypeId(263)]
        pub struct StorageRef (TypeId(269))
            Fields:
                pub Felt offset (Identifier { id: IdentId(69), location: Location { file_id: FileId(4), start: 744, end: 750 } }, TypeId(269))
                pub ContractMetadata metadata (Identifier { id: IdentId(70), location: Location { file_id: FileId(4), start: 766, end: 774 } }, TypeId(269))
            Generic Parameters: [TypeId(2), TypeId(268)]
        pub trait Eq (TypeId(271))
            Body: [DefId(193)]
            Unchecked Body: [DefId(80)]
            Generic Parameters: [TypeId(269)]
        pub trait EqAssign (TypeId(276))
            Body: [DefId(197)]
            Unchecked Body: [DefId(78)]
            Generic Parameters: [TypeId(274)]
        pub trait EqAssign (TypeId(282))
            Body: [DefId(201)]
            Unchecked Body: [DefId(78)]
            Generic Parameters: [TypeId(280)]
        pub trait EqAssign (TypeId(289))
            Body: [DefId(205)]
            Unchecked Body: [DefId(78)]
            Generic Parameters: [TypeId(287)]
        pub struct ArrayRef (TypeId(290))
            Fields:
                pub Felt offset (Identifier { id: IdentId(69), location: Location { file_id: FileId(4), start: 838, end: 844 } }, TypeId(290))
                pub ContractMetadata metadata (Identifier { id: IdentId(70), location: Location { file_id: FileId(4), start: 860, end: 868 } }, TypeId(290))
            Generic Parameters: [TypeId(285), TypeId(286)]
        pub trait EqAssign (TypeId(295))
            Body: [DefId(209)]
            Unchecked Body: [DefId(78)]
            Generic Parameters: [TypeId(293)]
        pub struct ArrayRef (TypeId(296))
            Fields:
                pub Felt offset (Identifier { id: IdentId(69), location: Location { file_id: FileId(4), start: 838, end: 844 } }, TypeId(296))
                pub ContractMetadata metadata (Identifier { id: IdentId(70), location: Location { file_id: FileId(4), start: 860, end: 868 } }, TypeId(296))
            Generic Parameters: [TypeId(3), TypeId(292)]
        pub trait Eq (TypeId(301))
            Body: [DefId(213)]
            Unchecked Body: [DefId(80)]
            Generic Parameters: [TypeId(299)]
        pub struct ArrayRef (TypeId(302))
            Fields:
                pub Felt offset (Identifier { id: IdentId(69), location: Location { file_id: FileId(4), start: 838, end: 844 } }, TypeId(302))
                pub ContractMetadata metadata (Identifier { id: IdentId(70), location: Location { file_id: FileId(4), start: 860, end: 868 } }, TypeId(302))
            Generic Parameters: [TypeId(3), TypeId(298)]
        pub struct ArrayRef (TypeId(305))
            Fields:
                pub Felt offset (Identifier { id: IdentId(69), location: Location { file_id: FileId(4), start: 838, end: 844 } }, TypeId(305))
                pub ContractMetadata metadata (Identifier { id: IdentId(70), location: Location { file_id: FileId(4), start: 860, end: 868 } }, TypeId(305))
            Generic Parameters: [TypeId(3), TypeId(304)]
        pub trait Eq (TypeId(307))
            Body: [DefId(217)]
            Unchecked Body: [DefId(80)]
            Generic Parameters: [TypeId(305)]
        pub trait EqAssign (TypeId(312))
            Body: [DefId(221)]
            Unchecked Body: [DefId(78)]
            Generic Parameters: [TypeId(310)]
        pub struct ArrayRef (TypeId(313))
            Fields:
                pub Felt offset (Identifier { id: IdentId(69), location: Location { file_id: FileId(4), start: 838, end: 844 } }, TypeId(313))
                pub ContractMetadata metadata (Identifier { id: IdentId(70), location: Location { file_id: FileId(4), start: 860, end: 868 } }, TypeId(313))
            Generic Parameters: [TypeId(4), TypeId(309)]
        pub trait Eq (TypeId(318))
            Body: [DefId(225)]
            Unchecked Body: [DefId(80)]
            Generic Parameters: [TypeId(316)]
        pub struct ArrayRef (TypeId(319))
            Fields:
                pub Felt offset (Identifier { id: IdentId(69), location: Location { file_id: FileId(4), start: 838, end: 844 } }, TypeId(319))
                pub ContractMetadata metadata (Identifier { id: IdentId(70), location: Location { file_id: FileId(4), start: 860, end: 868 } }, TypeId(319))
            Generic Parameters: [TypeId(4), TypeId(315)]
        pub struct ArrayRef (TypeId(322))
            Fields:
                pub Felt offset (Identifier { id: IdentId(69), location: Location { file_id: FileId(4), start: 838, end: 844 } }, TypeId(322))
                pub ContractMetadata metadata (Identifier { id: IdentId(70), location: Location { file_id: FileId(4), start: 860, end: 868 } }, TypeId(322))
            Generic Parameters: [TypeId(4), TypeId(321)]
        pub trait Eq (TypeId(324))
            Body: [DefId(229)]
            Unchecked Body: [DefId(80)]
            Generic Parameters: [TypeId(322)]
        pub trait AddAssign (TypeId(328))
            Body: [DefId(233)]
            Unchecked Body: [DefId(82)]
            Generic Parameters: [TypeId(4)]
        pub struct StorageRef (TypeId(329))
            Fields:
                pub Felt offset (Identifier { id: IdentId(69), location: Location { file_id: FileId(4), start: 744, end: 750 } }, TypeId(329))
                pub ContractMetadata metadata (Identifier { id: IdentId(70), location: Location { file_id: FileId(4), start: 766, end: 774 } }, TypeId(329))
            Generic Parameters: [TypeId(4), TypeId(326)]
        pub trait SubAssign (TypeId(333))
            Body: [DefId(237)]
            Unchecked Body: [DefId(84)]
            Generic Parameters: [TypeId(4)]
        pub struct StorageRef (TypeId(334))
            Fields:
                pub Felt offset (Identifier { id: IdentId(69), location: Location { file_id: FileId(4), start: 744, end: 750 } }, TypeId(334))
                pub ContractMetadata metadata (Identifier { id: IdentId(70), location: Location { file_id: FileId(4), start: 766, end: 774 } }, TypeId(334))
            Generic Parameters: [TypeId(4), TypeId(331)]
        pub trait MulAssign (TypeId(338))
            Body: [DefId(241)]
            Unchecked Body: [DefId(86)]
            Generic Parameters: [TypeId(4)]
        pub struct StorageRef (TypeId(339))
            Fields:
                pub Felt offset (Identifier { id: IdentId(69), location: Location { file_id: FileId(4), start: 744, end: 750 } }, TypeId(339))
                pub ContractMetadata metadata (Identifier { id: IdentId(70), location: Location { file_id: FileId(4), start: 766, end: 774 } }, TypeId(339))
            Generic Parameters: [TypeId(4), TypeId(336)]
        pub trait DivAssign (TypeId(343))
            Body: [DefId(245)]
            Unchecked Body: [DefId(88)]
            Generic Parameters: [TypeId(4)]
        pub struct StorageRef (TypeId(344))
            Fields:
                pub Felt offset (Identifier { id: IdentId(69), location: Location { file_id: FileId(4), start: 744, end: 750 } }, TypeId(344))
                pub ContractMetadata metadata (Identifier { id: IdentId(70), location: Location { file_id: FileId(4), start: 766, end: 774 } }, TypeId(344))
            Generic Parameters: [TypeId(4), TypeId(341)]
        pub trait RemAssign (TypeId(348))
            Body: [DefId(249)]
            Unchecked Body: [DefId(90)]
            Generic Parameters: [TypeId(4)]
        pub struct StorageRef (TypeId(349))
            Fields:
                pub Felt offset (Identifier { id: IdentId(69), location: Location { file_id: FileId(4), start: 744, end: 750 } }, TypeId(349))
                pub ContractMetadata metadata (Identifier { id: IdentId(70), location: Location { file_id: FileId(4), start: 766, end: 774 } }, TypeId(349))
            Generic Parameters: [TypeId(4), TypeId(346)]
        pub trait BitAndAssign (TypeId(353))
            Body: [DefId(253)]
            Unchecked Body: [DefId(92)]
            Generic Parameters: [TypeId(4)]
        pub struct StorageRef (TypeId(354))
            Fields:
                pub Felt offset (Identifier { id: IdentId(69), location: Location { file_id: FileId(4), start: 744, end: 750 } }, TypeId(354))
                pub ContractMetadata metadata (Identifier { id: IdentId(70), location: Location { file_id: FileId(4), start: 766, end: 774 } }, TypeId(354))
            Generic Parameters: [TypeId(4), TypeId(351)]
        pub trait BitOrAssign (TypeId(358))
            Body: [DefId(257)]
            Unchecked Body: [DefId(94)]
            Generic Parameters: [TypeId(4)]
        pub struct StorageRef (TypeId(359))
            Fields:
                pub Felt offset (Identifier { id: IdentId(69), location: Location { file_id: FileId(4), start: 744, end: 750 } }, TypeId(359))
                pub ContractMetadata metadata (Identifier { id: IdentId(70), location: Location { file_id: FileId(4), start: 766, end: 774 } }, TypeId(359))
            Generic Parameters: [TypeId(4), TypeId(356)]
        pub trait BitXorAssign (TypeId(363))
            Body: [DefId(261)]
            Unchecked Body: [DefId(96)]
            Generic Parameters: [TypeId(4)]
        pub struct StorageRef (TypeId(364))
            Fields:
                pub Felt offset (Identifier { id: IdentId(69), location: Location { file_id: FileId(4), start: 744, end: 750 } }, TypeId(364))
                pub ContractMetadata metadata (Identifier { id: IdentId(70), location: Location { file_id: FileId(4), start: 766, end: 774 } }, TypeId(364))
            Generic Parameters: [TypeId(4), TypeId(361)]
        pub trait ShlAssign (TypeId(368))
            Body: [DefId(265)]
            Unchecked Body: [DefId(98)]
            Generic Parameters: [TypeId(4)]
        pub struct StorageRef (TypeId(369))
            Fields:
                pub Felt offset (Identifier { id: IdentId(69), location: Location { file_id: FileId(4), start: 744, end: 750 } }, TypeId(369))
                pub ContractMetadata metadata (Identifier { id: IdentId(70), location: Location { file_id: FileId(4), start: 766, end: 774 } }, TypeId(369))
            Generic Parameters: [TypeId(4), TypeId(366)]
        pub trait ShrAssign (TypeId(373))
            Body: [DefId(269)]
            Unchecked Body: [DefId(100)]
            Generic Parameters: [TypeId(4)]
        pub struct StorageRef (TypeId(374))
            Fields:
                pub Felt offset (Identifier { id: IdentId(69), location: Location { file_id: FileId(4), start: 744, end: 750 } }, TypeId(374))
                pub ContractMetadata metadata (Identifier { id: IdentId(70), location: Location { file_id: FileId(4), start: 766, end: 774 } }, TypeId(374))
            Generic Parameters: [TypeId(4), TypeId(371)]
        pub fn get_user_id (TypeId(61))
            Return Type: Felt (TypeId(3))
            Body: ExprId(2173)
        pub fn get_contract_id (TypeId(62))
            Return Type: Felt (TypeId(3))
            Body: ExprId(2175)
        pub fn get_contract_deployer (TypeId(63))
            Parameters:
                Felt contract_id (Identifier { id: IdentId(78), location: Location { file_id: FileId(5), start: 179, end: 190 } }, TypeId(63))
            Return Type: Array (TypeId(9))
            Body: ExprId(2178)
        pub fn get_caller_contract_id (TypeId(64))
            Return Type: Felt (TypeId(3))
            Body: ExprId(2180)
        pub fn get_checkpoint_id (TypeId(65))
            Return Type: Felt (TypeId(3))
            Body: ExprId(2182)
        pub fn get_register_users_root (TypeId(66))
            Parameters:
                Felt checkpoint_id (Identifier { id: IdentId(125), location: Location { file_id: FileId(5), start: 437, end: 450 } }, TypeId(66))
            Return Type: Array (TypeId(9))
            Body: ExprId(2185)
        pub fn get_gutas_root (TypeId(67))
            Parameters:
                Felt checkpoint_id (Identifier { id: IdentId(125), location: Location { file_id: FileId(5), start: 542, end: 555 } }, TypeId(67))
            Return Type: Array (TypeId(9))
            Body: ExprId(2188)
        pub fn get_checkpoint_user_tree_root (TypeId(68))
            Parameters:
                Felt checkpoint_id (Identifier { id: IdentId(125), location: Location { file_id: FileId(5), start: 653, end: 666 } }, TypeId(68))
            Return Type: Array (TypeId(9))
            Body: ExprId(2191)
        pub fn get_checkpoint_contract_tree_root (TypeId(69))
            Parameters:
                Felt checkpoint_id (Identifier { id: IdentId(125), location: Location { file_id: FileId(5), start: 783, end: 796 } }, TypeId(69))
            Return Type: Array (TypeId(9))
            Body: ExprId(2194)
        pub fn get_checkpoint_deposit_tree_root (TypeId(70))
            Parameters:
                Felt checkpoint_id (Identifier { id: IdentId(125), location: Location { file_id: FileId(5), start: 916, end: 929 } }, TypeId(70))
            Return Type: Array (TypeId(9))
            Body: ExprId(2197)
        pub fn get_checkpoint_withdrawal_tree_root (TypeId(71))
            Parameters:
                Felt checkpoint_id (Identifier { id: IdentId(125), location: Location { file_id: FileId(5), start: 1051, end: 1064 } }, TypeId(71))
            Return Type: Array (TypeId(9))
            Body: ExprId(2200)
        pub fn get_checkpoint_user_registration_tree_root (TypeId(72))
            Parameters:
                Felt checkpoint_id (Identifier { id: IdentId(125), location: Location { file_id: FileId(5), start: 1196, end: 1209 } }, TypeId(72))
            Return Type: Array (TypeId(9))
            Body: ExprId(2203)
        pub fn get_deploy_contracts_root (TypeId(73))
            Parameters:
                Felt checkpoint_id (Identifier { id: IdentId(125), location: Location { file_id: FileId(5), start: 1331, end: 1344 } }, TypeId(73))
            Return Type: Array (TypeId(9))
            Body: ExprId(2206)
        pub fn get_guta_fees_collected (TypeId(74))
            Parameters:
                Felt checkpoint_id (Identifier { id: IdentId(125), location: Location { file_id: FileId(5), start: 1447, end: 1460 } }, TypeId(74))
            Return Type: Felt (TypeId(3))
            Body: ExprId(2209)
        pub fn get_da_fees_collected (TypeId(75))
            Parameters:
                Felt checkpoint_id (Identifier { id: IdentId(125), location: Location { file_id: FileId(5), start: 1559, end: 1572 } }, TypeId(75))
            Return Type: Felt (TypeId(3))
            Body: ExprId(2212)
        pub fn get_user_ops_processed (TypeId(76))
            Parameters:
                Felt checkpoint_id (Identifier { id: IdentId(125), location: Location { file_id: FileId(5), start: 1670, end: 1683 } }, TypeId(76))
            Return Type: Felt (TypeId(3))
            Body: ExprId(2215)
        pub fn get_total_transactions (TypeId(77))
            Parameters:
                Felt checkpoint_id (Identifier { id: IdentId(125), location: Location { file_id: FileId(5), start: 1782, end: 1795 } }, TypeId(77))
            Return Type: Felt (TypeId(3))
            Body: ExprId(2218)
        pub fn get_slots_modified (TypeId(78))
            Parameters:
                Felt checkpoint_id (Identifier { id: IdentId(125), location: Location { file_id: FileId(5), start: 1890, end: 1903 } }, TypeId(78))
            Return Type: Felt (TypeId(3))
            Body: ExprId(2221)
        pub fn get_deploy_contracts_completed (TypeId(79))
            Parameters:
                Felt checkpoint_id (Identifier { id: IdentId(125), location: Location { file_id: FileId(5), start: 2006, end: 2019 } }, TypeId(79))
            Return Type: Felt (TypeId(3))
            Body: ExprId(2224)
        pub fn get_register_users_completed (TypeId(80))
            Parameters:
                Felt checkpoint_id (Identifier { id: IdentId(125), location: Location { file_id: FileId(5), start: 2132, end: 2145 } }, TypeId(80))
            Return Type: Felt (TypeId(3))
            Body: ExprId(2227)
        pub fn get_gutas_completed (TypeId(81))
            Parameters:
                Felt checkpoint_id (Identifier { id: IdentId(125), location: Location { file_id: FileId(5), start: 2247, end: 2260 } }, TypeId(81))
            Return Type: Felt (TypeId(3))
            Body: ExprId(2230)
        pub fn get_last_nonce (TypeId(82))
            Return Type: Felt (TypeId(3))
            Body: ExprId(2232)
        pub fn get_user_public_key_hash (TypeId(83))
            Return Type: Array (TypeId(9))
            Body: ExprId(2234)
        pub fn get_session_proof_tree_root (TypeId(84))
            Return Type: Array (TypeId(9))
            Body: ExprId(2236)
        pub fn get_state_hash_at (TypeId(85))
            Parameters:
                Felt slot_index (Identifier { id: IdentId(145), location: Location { file_id: FileId(5), start: 2589, end: 2599 } }, TypeId(85))
            Return Type: Array (TypeId(9))
            Body: ExprId(2239)
        pub fn get_other_contract_state_hash_at (TypeId(86))
            Parameters:
                Felt contract_state_tree_height (Identifier { id: IdentId(76), location: Location { file_id: FileId(5), start: 2700, end: 2726 } }, TypeId(86))
                Felt contract_id (Identifier { id: IdentId(78), location: Location { file_id: FileId(5), start: 2734, end: 2745 } }, TypeId(86))
                Felt slot_index (Identifier { id: IdentId(145), location: Location { file_id: FileId(5), start: 2753, end: 2763 } }, TypeId(86))
            Return Type: Array (TypeId(9))
            Body: ExprId(2244)
        pub fn get_other_user_contract_state_hash_at (TypeId(87))
            Parameters:
                Felt contract_state_tree_height (Identifier { id: IdentId(76), location: Location { file_id: FileId(5), start: 2925, end: 2951 } }, TypeId(87))
                Felt user_id (Identifier { id: IdentId(77), location: Location { file_id: FileId(5), start: 2959, end: 2966 } }, TypeId(87))
                Felt contract_id (Identifier { id: IdentId(78), location: Location { file_id: FileId(5), start: 2974, end: 2985 } }, TypeId(87))
                Felt slot_index (Identifier { id: IdentId(145), location: Location { file_id: FileId(5), start: 2993, end: 3003 } }, TypeId(87))
            Return Type: Array (TypeId(9))
            Body: ExprId(2250)
        pub fn cset_state_hash_at (TypeId(88))
            Parameters:
                Felt slot_index (Identifier { id: IdentId(145), location: Location { file_id: FileId(5), start: 3160, end: 3170 } }, TypeId(88))
                Array new_value (Identifier { id: IdentId(149), location: Location { file_id: FileId(5), start: 3178, end: 3187 } }, TypeId(88))
            Return Type: Array (TypeId(9))
            Body: ExprId(2254)
        pub fn invoke_sync (TypeId(89))
            Parameters:
                Felt contract_id (Identifier { id: IdentId(78), location: Location { file_id: FileId(5), start: 3284, end: 3295 } }, TypeId(89))
                Felt method_id (Identifier { id: IdentId(152), location: Location { file_id: FileId(5), start: 3303, end: 3312 } }, TypeId(89))
                U inputs (Identifier { id: IdentId(153), location: Location { file_id: FileId(5), start: 3320, end: 3326 } }, TypeId(89))
            Return Type: T (TypeId(376))
            Body: ExprId(2259)
            Generic Parameters: [TypeId(376), TypeId(377)]
        pub fn invoke_deferred (TypeId(90))
            Parameters:
                Felt contract_id (Identifier { id: IdentId(78), location: Location { file_id: FileId(5), start: 3424, end: 3435 } }, TypeId(90))
                Felt method_id (Identifier { id: IdentId(152), location: Location { file_id: FileId(5), start: 3443, end: 3452 } }, TypeId(90))
                U inputs (Identifier { id: IdentId(153), location: Location { file_id: FileId(5), start: 3460, end: 3466 } }, TypeId(90))
            Return Type: void (TypeId(1))
            Body: ExprId(2264)
            Generic Parameters: [TypeId(378), TypeId(379)]
        pub fn clear_entire_tree (TypeId(91))
            Return Type: void (TypeId(1))
            Body: ExprId(2265)
        pub Felt (TypeId(3))
        pub Array (TypeId(7))
        pub CheckedValueRef(RwLock { data: U32(4u32), poisoned: false, .. }) (TypeId(8))
        pub Array (TypeId(9))
        pub Array (TypeId(9))
        pub CheckedValueRef(RwLock { data: U32(1u32), poisoned: false, .. }) (TypeId(124))
        pub Array (TypeId(139))
        pub Array (TypeId(149))
        pub Array (TypeId(166))
        pub Array (TypeId(274))
        pub Array (TypeId(277))
        pub Array (TypeId(280))
        pub Array (TypeId(283))
        pub Array (TypeId(287))
        pub Array (TypeId(293))
        pub Array (TypeId(299))
        pub Array (TypeId(310))
        pub Array (TypeId(316))
        pub trait Default (TypeId(93))
            Body: [DefId(67)]
            Unchecked Body: [DefId(208)]
        pub fn transmute (TypeId(95))
            Parameters:
                T x (Identifier { id: IdentId(157), location: Location { file_id: FileId(7), start: 23, end: 24 } }, TypeId(95))
            Return Type: U (TypeId(383))
            Body: ExprId(2274)
            Generic Parameters: [TypeId(383), TypeId(384)]
        pub fn size_of (TypeId(96))
            Return Type: Felt (TypeId(3))
            Body: ExprId(2276)
            Generic Parameters: [TypeId(385)]
        pub trait Event (TypeId(98))
            Body: [DefId(71)]
            Unchecked Body: [DefId(218)]
        pub fn max (TypeId(100))
            Parameters:
                Felt a (Identifier { id: IdentId(24), location: Location { file_id: FileId(0), start: 26, end: 27 } }, TypeId(100))
                Felt b (Identifier { id: IdentId(25), location: Location { file_id: FileId(0), start: 35, end: 36 } }, TypeId(100))
            Return Type: Felt (TypeId(3))
            Body: ExprId(2293)
        pub fn min (TypeId(101))
            Parameters:
                Felt a (Identifier { id: IdentId(24), location: Location { file_id: FileId(0), start: 143, end: 144 } }, TypeId(101))
                Felt b (Identifier { id: IdentId(25), location: Location { file_id: FileId(0), start: 152, end: 153 } }, TypeId(101))
            Return Type: Felt (TypeId(3))
            Body: ExprId(2307)
    ScopeId(1) (Module)
        Types:
            pub fn max (TypeId(100))
                Parameters:
                    Felt a (Identifier { id: IdentId(24), location: Location { file_id: FileId(0), start: 26, end: 27 } }, TypeId(100))
                    Felt b (Identifier { id: IdentId(25), location: Location { file_id: FileId(0), start: 35, end: 36 } }, TypeId(100))
                Return Type: Felt (TypeId(3))
                Body: ExprId(2293)
            pub fn min (TypeId(101))
                Parameters:
                    Felt a (Identifier { id: IdentId(24), location: Location { file_id: FileId(0), start: 143, end: 144 } }, TypeId(101))
                    Felt b (Identifier { id: IdentId(25), location: Location { file_id: FileId(0), start: 152, end: 153 } }, TypeId(101))
                Return Type: Felt (TypeId(3))
                Body: ExprId(2307)
            pub trait StorageNew (TypeId(11))
                Body: [DefId(0)]
                Unchecked Body: [DefId(28)]
            pub trait Storage (TypeId(16))
                Body: [DefId(2), DefId(3), DefId(4)]
                Unchecked Body: [DefId(30), DefId(31), DefId(32)]
            pub trait StorageAt (TypeId(20))
                Body: [DefId(6), DefId(7)]
                Unchecked Body: [DefId(34), DefId(35)]
                Generic Parameters: [TypeId(110), TypeId(111)]
            pub struct StorageRef (TypeId(22))
                Fields:
                    pub Felt offset (Identifier { id: IdentId(69), location: Location { file_id: FileId(4), start: 744, end: 750 } }, TypeId(22))
                    pub ContractMetadata metadata (Identifier { id: IdentId(70), location: Location { file_id: FileId(4), start: 766, end: 774 } }, TypeId(22))
                Generic Parameters: [TypeId(112), TypeId(113)]
            pub struct ArrayRef (TypeId(23))
                Fields:
                    pub Felt offset (Identifier { id: IdentId(69), location: Location { file_id: FileId(4), start: 838, end: 844 } }, TypeId(23))
                    pub ContractMetadata metadata (Identifier { id: IdentId(70), location: Location { file_id: FileId(4), start: 860, end: 868 } }, TypeId(23))
                Generic Parameters: [TypeId(114), TypeId(115)]
            pub struct ContractMetadata (TypeId(24))
                Fields:
                    pub Felt contract_state_tree_height (Identifier { id: IdentId(76), location: Location { file_id: FileId(4), start: 5490, end: 5516 } }, TypeId(24))
                    pub Felt contract_id (Identifier { id: IdentId(78), location: Location { file_id: FileId(4), start: 5532, end: 5543 } }, TypeId(24))
                    pub Felt user_id (Identifier { id: IdentId(77), location: Location { file_id: FileId(4), start: 5559, end: 5566 } }, TypeId(24))
            pub trait EqAssign (TypeId(26))
                Body: [DefId(12)]
                Unchecked Body: [DefId(78)]
                Generic Parameters: [TypeId(171)]
            pub trait Eq (TypeId(29))
                Body: [DefId(14)]
                Unchecked Body: [DefId(80)]
                Generic Parameters: [TypeId(172)]
            pub trait AddAssign (TypeId(32))
                Body: [DefId(16)]
                Unchecked Body: [DefId(82)]
                Generic Parameters: [TypeId(173)]
            pub trait SubAssign (TypeId(35))
                Body: [DefId(18)]
                Unchecked Body: [DefId(84)]
                Generic Parameters: [TypeId(174)]
            pub trait MulAssign (TypeId(38))
                Body: [DefId(20)]
                Unchecked Body: [DefId(86)]
                Generic Parameters: [TypeId(175)]
            pub trait DivAssign (TypeId(41))
                Body: [DefId(22)]
                Unchecked Body: [DefId(88)]
                Generic Parameters: [TypeId(176)]
            pub trait RemAssign (TypeId(44))
                Body: [DefId(24)]
                Unchecked Body: [DefId(90)]
                Generic Parameters: [TypeId(177)]
            pub trait BitAndAssign (TypeId(47))
                Body: [DefId(26)]
                Unchecked Body: [DefId(92)]
                Generic Parameters: [TypeId(178)]
            pub trait BitOrAssign (TypeId(50))
                Body: [DefId(28)]
                Unchecked Body: [DefId(94)]
                Generic Parameters: [TypeId(179)]
            pub trait BitXorAssign (TypeId(53))
                Body: [DefId(30)]
                Unchecked Body: [DefId(96)]
                Generic Parameters: [TypeId(180)]
            pub trait ShlAssign (TypeId(56))
                Body: [DefId(32)]
                Unchecked Body: [DefId(98)]
                Generic Parameters: [TypeId(181)]
            pub trait ShrAssign (TypeId(59))
                Body: [DefId(34)]
                Unchecked Body: [DefId(100)]
                Generic Parameters: [TypeId(182)]
            pub struct StorageRef (TypeId(118))
                Fields:
                    pub Felt offset (Identifier { id: IdentId(69), location: Location { file_id: FileId(4), start: 744, end: 750 } }, TypeId(118))
                    pub ContractMetadata metadata (Identifier { id: IdentId(70), location: Location { file_id: FileId(4), start: 766, end: 774 } }, TypeId(118))
                Generic Parameters: [TypeId(116), TypeId(117)]
            pub struct ArrayRef (TypeId(122))
                Fields:
                    pub Felt offset (Identifier { id: IdentId(69), location: Location { file_id: FileId(4), start: 838, end: 844 } }, TypeId(122))
                    pub ContractMetadata metadata (Identifier { id: IdentId(70), location: Location { file_id: FileId(4), start: 860, end: 868 } }, TypeId(122))
                Generic Parameters: [TypeId(120), TypeId(121)]
            pub struct StorageRef (TypeId(125))
                Fields:
                    pub Felt offset (Identifier { id: IdentId(69), location: Location { file_id: FileId(4), start: 744, end: 750 } }, TypeId(125))
                    pub ContractMetadata metadata (Identifier { id: IdentId(70), location: Location { file_id: FileId(4), start: 766, end: 774 } }, TypeId(125))
                Generic Parameters: [TypeId(3), TypeId(124)]
            pub struct StorageRef (TypeId(129))
                Fields:
                    pub Felt offset (Identifier { id: IdentId(69), location: Location { file_id: FileId(4), start: 744, end: 750 } }, TypeId(129))
                    pub ContractMetadata metadata (Identifier { id: IdentId(70), location: Location { file_id: FileId(4), start: 766, end: 774 } }, TypeId(129))
                Generic Parameters: [TypeId(2), TypeId(124)]
            pub struct StorageRef (TypeId(133))
                Fields:
                    pub Felt offset (Identifier { id: IdentId(69), location: Location { file_id: FileId(4), start: 744, end: 750 } }, TypeId(133))
                    pub ContractMetadata metadata (Identifier { id: IdentId(70), location: Location { file_id: FileId(4), start: 766, end: 774 } }, TypeId(133))
                Generic Parameters: [TypeId(4), TypeId(124)]
            pub struct ArrayRef (TypeId(140))
                Fields:
                    pub Felt offset (Identifier { id: IdentId(69), location: Location { file_id: FileId(4), start: 838, end: 844 } }, TypeId(140))
                    pub ContractMetadata metadata (Identifier { id: IdentId(70), location: Location { file_id: FileId(4), start: 860, end: 868 } }, TypeId(140))
                Generic Parameters: [TypeId(137), TypeId(138)]
            pub trait StorageAt (TypeId(148))
                Body: [DefId(104), DefId(105)]
                Unchecked Body: [DefId(34), DefId(35)]
                Generic Parameters: [TypeId(144), TypeId(145)]
            pub struct StorageRef (TypeId(154))
                Fields:
                    pub Felt offset (Identifier { id: IdentId(69), location: Location { file_id: FileId(4), start: 744, end: 750 } }, TypeId(154))
                    pub ContractMetadata metadata (Identifier { id: IdentId(70), location: Location { file_id: FileId(4), start: 766, end: 774 } }, TypeId(154))
                Generic Parameters: [TypeId(152), TypeId(153)]
            pub struct ArrayRef (TypeId(161))
                Fields:
                    pub Felt offset (Identifier { id: IdentId(69), location: Location { file_id: FileId(4), start: 838, end: 844 } }, TypeId(161))
                    pub ContractMetadata metadata (Identifier { id: IdentId(70), location: Location { file_id: FileId(4), start: 860, end: 868 } }, TypeId(161))
                Generic Parameters: [TypeId(159), TypeId(160)]
            pub trait EqAssign (TypeId(185))
                Body: [DefId(125)]
                Unchecked Body: [DefId(78)]
                Generic Parameters: [TypeId(3)]
            pub struct StorageRef (TypeId(186))
                Fields:
                    pub Felt offset (Identifier { id: IdentId(69), location: Location { file_id: FileId(4), start: 744, end: 750 } }, TypeId(186))
                    pub ContractMetadata metadata (Identifier { id: IdentId(70), location: Location { file_id: FileId(4), start: 766, end: 774 } }, TypeId(186))
                Generic Parameters: [TypeId(3), TypeId(183)]
            pub trait Eq (TypeId(190))
                Body: [DefId(129)]
                Unchecked Body: [DefId(80)]
                Generic Parameters: [TypeId(3)]
            pub struct StorageRef (TypeId(191))
                Fields:
                    pub Felt offset (Identifier { id: IdentId(69), location: Location { file_id: FileId(4), start: 744, end: 750 } }, TypeId(191))
                    pub ContractMetadata metadata (Identifier { id: IdentId(70), location: Location { file_id: FileId(4), start: 766, end: 774 } }, TypeId(191))
                Generic Parameters: [TypeId(3), TypeId(188)]
            pub struct StorageRef (TypeId(194))
                Fields:
                    pub Felt offset (Identifier { id: IdentId(69), location: Location { file_id: FileId(4), start: 744, end: 750 } }, TypeId(194))
                    pub ContractMetadata metadata (Identifier { id: IdentId(70), location: Location { file_id: FileId(4), start: 766, end: 774 } }, TypeId(194))
                Generic Parameters: [TypeId(3), TypeId(193)]
            pub trait Eq (TypeId(196))
                Body: [DefId(133)]
                Unchecked Body: [DefId(80)]
                Generic Parameters: [TypeId(194)]
            pub trait AddAssign (TypeId(200))
                Body: [DefId(137)]
                Unchecked Body: [DefId(82)]
                Generic Parameters: [TypeId(3)]
            pub struct StorageRef (TypeId(201))
                Fields:
                    pub Felt offset (Identifier { id: IdentId(69), location: Location { file_id: FileId(4), start: 744, end: 750 } }, TypeId(201))
                    pub ContractMetadata metadata (Identifier { id: IdentId(70), location: Location { file_id: FileId(4), start: 766, end: 774 } }, TypeId(201))
                Generic Parameters: [TypeId(3), TypeId(198)]
            pub trait SubAssign (TypeId(205))
                Body: [DefId(141)]
                Unchecked Body: [DefId(84)]
                Generic Parameters: [TypeId(3)]
            pub struct StorageRef (TypeId(206))
                Fields:
                    pub Felt offset (Identifier { id: IdentId(69), location: Location { file_id: FileId(4), start: 744, end: 750 } }, TypeId(206))
                    pub ContractMetadata metadata (Identifier { id: IdentId(70), location: Location { file_id: FileId(4), start: 766, end: 774 } }, TypeId(206))
                Generic Parameters: [TypeId(3), TypeId(203)]
            pub trait MulAssign (TypeId(210))
                Body: [DefId(145)]
                Unchecked Body: [DefId(86)]
                Generic Parameters: [TypeId(3)]
            pub struct StorageRef (TypeId(211))
                Fields:
                    pub Felt offset (Identifier { id: IdentId(69), location: Location { file_id: FileId(4), start: 744, end: 750 } }, TypeId(211))
                    pub ContractMetadata metadata (Identifier { id: IdentId(70), location: Location { file_id: FileId(4), start: 766, end: 774 } }, TypeId(211))
                Generic Parameters: [TypeId(3), TypeId(208)]
            pub trait DivAssign (TypeId(215))
                Body: [DefId(149)]
                Unchecked Body: [DefId(88)]
                Generic Parameters: [TypeId(3)]
            pub struct StorageRef (TypeId(216))
                Fields:
                    pub Felt offset (Identifier { id: IdentId(69), location: Location { file_id: FileId(4), start: 744, end: 750 } }, TypeId(216))
                    pub ContractMetadata metadata (Identifier { id: IdentId(70), location: Location { file_id: FileId(4), start: 766, end: 774 } }, TypeId(216))
                Generic Parameters: [TypeId(3), TypeId(213)]
            pub trait RemAssign (TypeId(220))
                Body: [DefId(153)]
                Unchecked Body: [DefId(90)]
                Generic Parameters: [TypeId(3)]
            pub struct StorageRef (TypeId(221))
                Fields:
                    pub Felt offset (Identifier { id: IdentId(69), location: Location { file_id: FileId(4), start: 744, end: 750 } }, TypeId(221))
                    pub ContractMetadata metadata (Identifier { id: IdentId(70), location: Location { file_id: FileId(4), start: 766, end: 774 } }, TypeId(221))
                Generic Parameters: [TypeId(3), TypeId(218)]
            pub trait BitAndAssign (TypeId(225))
                Body: [DefId(157)]
                Unchecked Body: [DefId(92)]
                Generic Parameters: [TypeId(3)]
            pub struct StorageRef (TypeId(226))
                Fields:
                    pub Felt offset (Identifier { id: IdentId(69), location: Location { file_id: FileId(4), start: 744, end: 750 } }, TypeId(226))
                    pub ContractMetadata metadata (Identifier { id: IdentId(70), location: Location { file_id: FileId(4), start: 766, end: 774 } }, TypeId(226))
                Generic Parameters: [TypeId(3), TypeId(223)]
            pub trait BitOrAssign (TypeId(230))
                Body: [DefId(161)]
                Unchecked Body: [DefId(94)]
                Generic Parameters: [TypeId(3)]
            pub struct StorageRef (TypeId(231))
                Fields:
                    pub Felt offset (Identifier { id: IdentId(69), location: Location { file_id: FileId(4), start: 744, end: 750 } }, TypeId(231))
                    pub ContractMetadata metadata (Identifier { id: IdentId(70), location: Location { file_id: FileId(4), start: 766, end: 774 } }, TypeId(231))
                Generic Parameters: [TypeId(3), TypeId(228)]
            pub trait BitXorAssign (TypeId(235))
                Body: [DefId(165)]
                Unchecked Body: [DefId(96)]
                Generic Parameters: [TypeId(3)]
            pub struct StorageRef (TypeId(236))
                Fields:
                    pub Felt offset (Identifier { id: IdentId(69), location: Location { file_id: FileId(4), start: 744, end: 750 } }, TypeId(236))
                    pub ContractMetadata metadata (Identifier { id: IdentId(70), location: Location { file_id: FileId(4), start: 766, end: 774 } }, TypeId(236))
                Generic Parameters: [TypeId(3), TypeId(233)]
            pub trait ShlAssign (TypeId(240))
                Body: [DefId(169)]
                Unchecked Body: [DefId(98)]
                Generic Parameters: [TypeId(3)]
            pub struct StorageRef (TypeId(241))
                Fields:
                    pub Felt offset (Identifier { id: IdentId(69), location: Location { file_id: FileId(4), start: 744, end: 750 } }, TypeId(241))
                    pub ContractMetadata metadata (Identifier { id: IdentId(70), location: Location { file_id: FileId(4), start: 766, end: 774 } }, TypeId(241))
                Generic Parameters: [TypeId(3), TypeId(238)]
            pub trait ShrAssign (TypeId(245))
                Body: [DefId(173)]
                Unchecked Body: [DefId(100)]
                Generic Parameters: [TypeId(3)]
            pub struct StorageRef (TypeId(246))
                Fields:
                    pub Felt offset (Identifier { id: IdentId(69), location: Location { file_id: FileId(4), start: 744, end: 750 } }, TypeId(246))
                    pub ContractMetadata metadata (Identifier { id: IdentId(70), location: Location { file_id: FileId(4), start: 766, end: 774 } }, TypeId(246))
                Generic Parameters: [TypeId(3), TypeId(243)]
            pub trait EqAssign (TypeId(250))
                Body: [DefId(177)]
                Unchecked Body: [DefId(78)]
                Generic Parameters: [TypeId(4)]
            pub struct StorageRef (TypeId(251))
                Fields:
                    pub Felt offset (Identifier { id: IdentId(69), location: Location { file_id: FileId(4), start: 744, end: 750 } }, TypeId(251))
                    pub ContractMetadata metadata (Identifier { id: IdentId(70), location: Location { file_id: FileId(4), start: 766, end: 774 } }, TypeId(251))
                Generic Parameters: [TypeId(4), TypeId(248)]
            pub trait Eq (TypeId(255))
                Body: [DefId(181)]
                Unchecked Body: [DefId(80)]
                Generic Parameters: [TypeId(4)]
            pub struct StorageRef (TypeId(256))
                Fields:
                    pub Felt offset (Identifier { id: IdentId(69), location: Location { file_id: FileId(4), start: 744, end: 750 } }, TypeId(256))
                    pub ContractMetadata metadata (Identifier { id: IdentId(70), location: Location { file_id: FileId(4), start: 766, end: 774 } }, TypeId(256))
                Generic Parameters: [TypeId(4), TypeId(253)]
            pub struct StorageRef (TypeId(259))
                Fields:
                    pub Felt offset (Identifier { id: IdentId(69), location: Location { file_id: FileId(4), start: 744, end: 750 } }, TypeId(259))
                    pub ContractMetadata metadata (Identifier { id: IdentId(70), location: Location { file_id: FileId(4), start: 766, end: 774 } }, TypeId(259))
                Generic Parameters: [TypeId(4), TypeId(258)]
            pub trait Eq (TypeId(261))
                Body: [DefId(185)]
                Unchecked Body: [DefId(80)]
                Generic Parameters: [TypeId(259)]
            pub trait Eq (TypeId(265))
                Body: [DefId(189)]
                Unchecked Body: [DefId(80)]
                Generic Parameters: [TypeId(2)]
            pub struct StorageRef (TypeId(266))
                Fields:
                    pub Felt offset (Identifier { id: IdentId(69), location: Location { file_id: FileId(4), start: 744, end: 750 } }, TypeId(266))
                    pub ContractMetadata metadata (Identifier { id: IdentId(70), location: Location { file_id: FileId(4), start: 766, end: 774 } }, TypeId(266))
                Generic Parameters: [TypeId(2), TypeId(263)]
            pub struct StorageRef (TypeId(269))
                Fields:
                    pub Felt offset (Identifier { id: IdentId(69), location: Location { file_id: FileId(4), start: 744, end: 750 } }, TypeId(269))
                    pub ContractMetadata metadata (Identifier { id: IdentId(70), location: Location { file_id: FileId(4), start: 766, end: 774 } }, TypeId(269))
                Generic Parameters: [TypeId(2), TypeId(268)]
            pub trait Eq (TypeId(271))
                Body: [DefId(193)]
                Unchecked Body: [DefId(80)]
                Generic Parameters: [TypeId(269)]
            pub trait EqAssign (TypeId(276))
                Body: [DefId(197)]
                Unchecked Body: [DefId(78)]
                Generic Parameters: [TypeId(274)]
            pub trait EqAssign (TypeId(282))
                Body: [DefId(201)]
                Unchecked Body: [DefId(78)]
                Generic Parameters: [TypeId(280)]
            pub trait EqAssign (TypeId(289))
                Body: [DefId(205)]
                Unchecked Body: [DefId(78)]
                Generic Parameters: [TypeId(287)]
            pub struct ArrayRef (TypeId(290))
                Fields:
                    pub Felt offset (Identifier { id: IdentId(69), location: Location { file_id: FileId(4), start: 838, end: 844 } }, TypeId(290))
                    pub ContractMetadata metadata (Identifier { id: IdentId(70), location: Location { file_id: FileId(4), start: 860, end: 868 } }, TypeId(290))
                Generic Parameters: [TypeId(285), TypeId(286)]
            pub trait EqAssign (TypeId(295))
                Body: [DefId(209)]
                Unchecked Body: [DefId(78)]
                Generic Parameters: [TypeId(293)]
            pub struct ArrayRef (TypeId(296))
                Fields:
                    pub Felt offset (Identifier { id: IdentId(69), location: Location { file_id: FileId(4), start: 838, end: 844 } }, TypeId(296))
                    pub ContractMetadata metadata (Identifier { id: IdentId(70), location: Location { file_id: FileId(4), start: 860, end: 868 } }, TypeId(296))
                Generic Parameters: [TypeId(3), TypeId(292)]
            pub trait Eq (TypeId(301))
                Body: [DefId(213)]
                Unchecked Body: [DefId(80)]
                Generic Parameters: [TypeId(299)]
            pub struct ArrayRef (TypeId(302))
                Fields:
                    pub Felt offset (Identifier { id: IdentId(69), location: Location { file_id: FileId(4), start: 838, end: 844 } }, TypeId(302))
                    pub ContractMetadata metadata (Identifier { id: IdentId(70), location: Location { file_id: FileId(4), start: 860, end: 868 } }, TypeId(302))
                Generic Parameters: [TypeId(3), TypeId(298)]
            pub struct ArrayRef (TypeId(305))
                Fields:
                    pub Felt offset (Identifier { id: IdentId(69), location: Location { file_id: FileId(4), start: 838, end: 844 } }, TypeId(305))
                    pub ContractMetadata metadata (Identifier { id: IdentId(70), location: Location { file_id: FileId(4), start: 860, end: 868 } }, TypeId(305))
                Generic Parameters: [TypeId(3), TypeId(304)]
            pub trait Eq (TypeId(307))
                Body: [DefId(217)]
                Unchecked Body: [DefId(80)]
                Generic Parameters: [TypeId(305)]
            pub trait EqAssign (TypeId(312))
                Body: [DefId(221)]
                Unchecked Body: [DefId(78)]
                Generic Parameters: [TypeId(310)]
            pub struct ArrayRef (TypeId(313))
                Fields:
                    pub Felt offset (Identifier { id: IdentId(69), location: Location { file_id: FileId(4), start: 838, end: 844 } }, TypeId(313))
                    pub ContractMetadata metadata (Identifier { id: IdentId(70), location: Location { file_id: FileId(4), start: 860, end: 868 } }, TypeId(313))
                Generic Parameters: [TypeId(4), TypeId(309)]
            pub trait Eq (TypeId(318))
                Body: [DefId(225)]
                Unchecked Body: [DefId(80)]
                Generic Parameters: [TypeId(316)]
            pub struct ArrayRef (TypeId(319))
                Fields:
                    pub Felt offset (Identifier { id: IdentId(69), location: Location { file_id: FileId(4), start: 838, end: 844 } }, TypeId(319))
                    pub ContractMetadata metadata (Identifier { id: IdentId(70), location: Location { file_id: FileId(4), start: 860, end: 868 } }, TypeId(319))
                Generic Parameters: [TypeId(4), TypeId(315)]
            pub struct ArrayRef (TypeId(322))
                Fields:
                    pub Felt offset (Identifier { id: IdentId(69), location: Location { file_id: FileId(4), start: 838, end: 844 } }, TypeId(322))
                    pub ContractMetadata metadata (Identifier { id: IdentId(70), location: Location { file_id: FileId(4), start: 860, end: 868 } }, TypeId(322))
                Generic Parameters: [TypeId(4), TypeId(321)]
            pub trait Eq (TypeId(324))
                Body: [DefId(229)]
                Unchecked Body: [DefId(80)]
                Generic Parameters: [TypeId(322)]
            pub trait AddAssign (TypeId(328))
                Body: [DefId(233)]
                Unchecked Body: [DefId(82)]
                Generic Parameters: [TypeId(4)]
            pub struct StorageRef (TypeId(329))
                Fields:
                    pub Felt offset (Identifier { id: IdentId(69), location: Location { file_id: FileId(4), start: 744, end: 750 } }, TypeId(329))
                    pub ContractMetadata metadata (Identifier { id: IdentId(70), location: Location { file_id: FileId(4), start: 766, end: 774 } }, TypeId(329))
                Generic Parameters: [TypeId(4), TypeId(326)]
            pub trait SubAssign (TypeId(333))
                Body: [DefId(237)]
                Unchecked Body: [DefId(84)]
                Generic Parameters: [TypeId(4)]
            pub struct StorageRef (TypeId(334))
                Fields:
                    pub Felt offset (Identifier { id: IdentId(69), location: Location { file_id: FileId(4), start: 744, end: 750 } }, TypeId(334))
                    pub ContractMetadata metadata (Identifier { id: IdentId(70), location: Location { file_id: FileId(4), start: 766, end: 774 } }, TypeId(334))
                Generic Parameters: [TypeId(4), TypeId(331)]
            pub trait MulAssign (TypeId(338))
                Body: [DefId(241)]
                Unchecked Body: [DefId(86)]
                Generic Parameters: [TypeId(4)]
            pub struct StorageRef (TypeId(339))
                Fields:
                    pub Felt offset (Identifier { id: IdentId(69), location: Location { file_id: FileId(4), start: 744, end: 750 } }, TypeId(339))
                    pub ContractMetadata metadata (Identifier { id: IdentId(70), location: Location { file_id: FileId(4), start: 766, end: 774 } }, TypeId(339))
                Generic Parameters: [TypeId(4), TypeId(336)]
            pub trait DivAssign (TypeId(343))
                Body: [DefId(245)]
                Unchecked Body: [DefId(88)]
                Generic Parameters: [TypeId(4)]
            pub struct StorageRef (TypeId(344))
                Fields:
                    pub Felt offset (Identifier { id: IdentId(69), location: Location { file_id: FileId(4), start: 744, end: 750 } }, TypeId(344))
                    pub ContractMetadata metadata (Identifier { id: IdentId(70), location: Location { file_id: FileId(4), start: 766, end: 774 } }, TypeId(344))
                Generic Parameters: [TypeId(4), TypeId(341)]
            pub trait RemAssign (TypeId(348))
                Body: [DefId(249)]
                Unchecked Body: [DefId(90)]
                Generic Parameters: [TypeId(4)]
            pub struct StorageRef (TypeId(349))
                Fields:
                    pub Felt offset (Identifier { id: IdentId(69), location: Location { file_id: FileId(4), start: 744, end: 750 } }, TypeId(349))
                    pub ContractMetadata metadata (Identifier { id: IdentId(70), location: Location { file_id: FileId(4), start: 766, end: 774 } }, TypeId(349))
                Generic Parameters: [TypeId(4), TypeId(346)]
            pub trait BitAndAssign (TypeId(353))
                Body: [DefId(253)]
                Unchecked Body: [DefId(92)]
                Generic Parameters: [TypeId(4)]
            pub struct StorageRef (TypeId(354))
                Fields:
                    pub Felt offset (Identifier { id: IdentId(69), location: Location { file_id: FileId(4), start: 744, end: 750 } }, TypeId(354))
                    pub ContractMetadata metadata (Identifier { id: IdentId(70), location: Location { file_id: FileId(4), start: 766, end: 774 } }, TypeId(354))
                Generic Parameters: [TypeId(4), TypeId(351)]
            pub trait BitOrAssign (TypeId(358))
                Body: [DefId(257)]
                Unchecked Body: [DefId(94)]
                Generic Parameters: [TypeId(4)]
            pub struct StorageRef (TypeId(359))
                Fields:
                    pub Felt offset (Identifier { id: IdentId(69), location: Location { file_id: FileId(4), start: 744, end: 750 } }, TypeId(359))
                    pub ContractMetadata metadata (Identifier { id: IdentId(70), location: Location { file_id: FileId(4), start: 766, end: 774 } }, TypeId(359))
                Generic Parameters: [TypeId(4), TypeId(356)]
            pub trait BitXorAssign (TypeId(363))
                Body: [DefId(261)]
                Unchecked Body: [DefId(96)]
                Generic Parameters: [TypeId(4)]
            pub struct StorageRef (TypeId(364))
                Fields:
                    pub Felt offset (Identifier { id: IdentId(69), location: Location { file_id: FileId(4), start: 744, end: 750 } }, TypeId(364))
                    pub ContractMetadata metadata (Identifier { id: IdentId(70), location: Location { file_id: FileId(4), start: 766, end: 774 } }, TypeId(364))
                Generic Parameters: [TypeId(4), TypeId(361)]
            pub trait ShlAssign (TypeId(368))
                Body: [DefId(265)]
                Unchecked Body: [DefId(98)]
                Generic Parameters: [TypeId(4)]
            pub struct StorageRef (TypeId(369))
                Fields:
                    pub Felt offset (Identifier { id: IdentId(69), location: Location { file_id: FileId(4), start: 744, end: 750 } }, TypeId(369))
                    pub ContractMetadata metadata (Identifier { id: IdentId(70), location: Location { file_id: FileId(4), start: 766, end: 774 } }, TypeId(369))
                Generic Parameters: [TypeId(4), TypeId(366)]
            pub trait ShrAssign (TypeId(373))
                Body: [DefId(269)]
                Unchecked Body: [DefId(100)]
                Generic Parameters: [TypeId(4)]
            pub struct StorageRef (TypeId(374))
                Fields:
                    pub Felt offset (Identifier { id: IdentId(69), location: Location { file_id: FileId(4), start: 744, end: 750 } }, TypeId(374))
                    pub ContractMetadata metadata (Identifier { id: IdentId(70), location: Location { file_id: FileId(4), start: 766, end: 774 } }, TypeId(374))
                Generic Parameters: [TypeId(4), TypeId(371)]
            pub fn get_user_id (TypeId(61))
                Return Type: Felt (TypeId(3))
                Body: ExprId(2173)
            pub fn get_contract_id (TypeId(62))
                Return Type: Felt (TypeId(3))
                Body: ExprId(2175)
            pub fn get_contract_deployer (TypeId(63))
                Parameters:
                    Felt contract_id (Identifier { id: IdentId(78), location: Location { file_id: FileId(5), start: 179, end: 190 } }, TypeId(63))
                Return Type: Array (TypeId(9))
                Body: ExprId(2178)
            pub fn get_caller_contract_id (TypeId(64))
                Return Type: Felt (TypeId(3))
                Body: ExprId(2180)
            pub fn get_checkpoint_id (TypeId(65))
                Return Type: Felt (TypeId(3))
                Body: ExprId(2182)
            pub fn get_register_users_root (TypeId(66))
                Parameters:
                    Felt checkpoint_id (Identifier { id: IdentId(125), location: Location { file_id: FileId(5), start: 437, end: 450 } }, TypeId(66))
                Return Type: Array (TypeId(9))
                Body: ExprId(2185)
            pub fn get_gutas_root (TypeId(67))
                Parameters:
                    Felt checkpoint_id (Identifier { id: IdentId(125), location: Location { file_id: FileId(5), start: 542, end: 555 } }, TypeId(67))
                Return Type: Array (TypeId(9))
                Body: ExprId(2188)
            pub fn get_checkpoint_user_tree_root (TypeId(68))
                Parameters:
                    Felt checkpoint_id (Identifier { id: IdentId(125), location: Location { file_id: FileId(5), start: 653, end: 666 } }, TypeId(68))
                Return Type: Array (TypeId(9))
                Body: ExprId(2191)
            pub fn get_checkpoint_contract_tree_root (TypeId(69))
                Parameters:
                    Felt checkpoint_id (Identifier { id: IdentId(125), location: Location { file_id: FileId(5), start: 783, end: 796 } }, TypeId(69))
                Return Type: Array (TypeId(9))
                Body: ExprId(2194)
            pub fn get_checkpoint_deposit_tree_root (TypeId(70))
                Parameters:
                    Felt checkpoint_id (Identifier { id: IdentId(125), location: Location { file_id: FileId(5), start: 916, end: 929 } }, TypeId(70))
                Return Type: Array (TypeId(9))
                Body: ExprId(2197)
            pub fn get_checkpoint_withdrawal_tree_root (TypeId(71))
                Parameters:
                    Felt checkpoint_id (Identifier { id: IdentId(125), location: Location { file_id: FileId(5), start: 1051, end: 1064 } }, TypeId(71))
                Return Type: Array (TypeId(9))
                Body: ExprId(2200)
            pub fn get_checkpoint_user_registration_tree_root (TypeId(72))
                Parameters:
                    Felt checkpoint_id (Identifier { id: IdentId(125), location: Location { file_id: FileId(5), start: 1196, end: 1209 } }, TypeId(72))
                Return Type: Array (TypeId(9))
                Body: ExprId(2203)
            pub fn get_deploy_contracts_root (TypeId(73))
                Parameters:
                    Felt checkpoint_id (Identifier { id: IdentId(125), location: Location { file_id: FileId(5), start: 1331, end: 1344 } }, TypeId(73))
                Return Type: Array (TypeId(9))
                Body: ExprId(2206)
            pub fn get_guta_fees_collected (TypeId(74))
                Parameters:
                    Felt checkpoint_id (Identifier { id: IdentId(125), location: Location { file_id: FileId(5), start: 1447, end: 1460 } }, TypeId(74))
                Return Type: Felt (TypeId(3))
                Body: ExprId(2209)
            pub fn get_da_fees_collected (TypeId(75))
                Parameters:
                    Felt checkpoint_id (Identifier { id: IdentId(125), location: Location { file_id: FileId(5), start: 1559, end: 1572 } }, TypeId(75))
                Return Type: Felt (TypeId(3))
                Body: ExprId(2212)
            pub fn get_user_ops_processed (TypeId(76))
                Parameters:
                    Felt checkpoint_id (Identifier { id: IdentId(125), location: Location { file_id: FileId(5), start: 1670, end: 1683 } }, TypeId(76))
                Return Type: Felt (TypeId(3))
                Body: ExprId(2215)
            pub fn get_total_transactions (TypeId(77))
                Parameters:
                    Felt checkpoint_id (Identifier { id: IdentId(125), location: Location { file_id: FileId(5), start: 1782, end: 1795 } }, TypeId(77))
                Return Type: Felt (TypeId(3))
                Body: ExprId(2218)
            pub fn get_slots_modified (TypeId(78))
                Parameters:
                    Felt checkpoint_id (Identifier { id: IdentId(125), location: Location { file_id: FileId(5), start: 1890, end: 1903 } }, TypeId(78))
                Return Type: Felt (TypeId(3))
                Body: ExprId(2221)
            pub fn get_deploy_contracts_completed (TypeId(79))
                Parameters:
                    Felt checkpoint_id (Identifier { id: IdentId(125), location: Location { file_id: FileId(5), start: 2006, end: 2019 } }, TypeId(79))
                Return Type: Felt (TypeId(3))
                Body: ExprId(2224)
            pub fn get_register_users_completed (TypeId(80))
                Parameters:
                    Felt checkpoint_id (Identifier { id: IdentId(125), location: Location { file_id: FileId(5), start: 2132, end: 2145 } }, TypeId(80))
                Return Type: Felt (TypeId(3))
                Body: ExprId(2227)
            pub fn get_gutas_completed (TypeId(81))
                Parameters:
                    Felt checkpoint_id (Identifier { id: IdentId(125), location: Location { file_id: FileId(5), start: 2247, end: 2260 } }, TypeId(81))
                Return Type: Felt (TypeId(3))
                Body: ExprId(2230)
            pub fn get_last_nonce (TypeId(82))
                Return Type: Felt (TypeId(3))
                Body: ExprId(2232)
            pub fn get_user_public_key_hash (TypeId(83))
                Return Type: Array (TypeId(9))
                Body: ExprId(2234)
            pub fn get_session_proof_tree_root (TypeId(84))
                Return Type: Array (TypeId(9))
                Body: ExprId(2236)
            pub fn get_state_hash_at (TypeId(85))
                Parameters:
                    Felt slot_index (Identifier { id: IdentId(145), location: Location { file_id: FileId(5), start: 2589, end: 2599 } }, TypeId(85))
                Return Type: Array (TypeId(9))
                Body: ExprId(2239)
            pub fn get_other_contract_state_hash_at (TypeId(86))
                Parameters:
                    Felt contract_state_tree_height (Identifier { id: IdentId(76), location: Location { file_id: FileId(5), start: 2700, end: 2726 } }, TypeId(86))
                    Felt contract_id (Identifier { id: IdentId(78), location: Location { file_id: FileId(5), start: 2734, end: 2745 } }, TypeId(86))
                    Felt slot_index (Identifier { id: IdentId(145), location: Location { file_id: FileId(5), start: 2753, end: 2763 } }, TypeId(86))
                Return Type: Array (TypeId(9))
                Body: ExprId(2244)
            pub fn get_other_user_contract_state_hash_at (TypeId(87))
                Parameters:
                    Felt contract_state_tree_height (Identifier { id: IdentId(76), location: Location { file_id: FileId(5), start: 2925, end: 2951 } }, TypeId(87))
                    Felt user_id (Identifier { id: IdentId(77), location: Location { file_id: FileId(5), start: 2959, end: 2966 } }, TypeId(87))
                    Felt contract_id (Identifier { id: IdentId(78), location: Location { file_id: FileId(5), start: 2974, end: 2985 } }, TypeId(87))
                    Felt slot_index (Identifier { id: IdentId(145), location: Location { file_id: FileId(5), start: 2993, end: 3003 } }, TypeId(87))
                Return Type: Array (TypeId(9))
                Body: ExprId(2250)
            pub fn cset_state_hash_at (TypeId(88))
                Parameters:
                    Felt slot_index (Identifier { id: IdentId(145), location: Location { file_id: FileId(5), start: 3160, end: 3170 } }, TypeId(88))
                    Array new_value (Identifier { id: IdentId(149), location: Location { file_id: FileId(5), start: 3178, end: 3187 } }, TypeId(88))
                Return Type: Array (TypeId(9))
                Body: ExprId(2254)
            pub fn invoke_sync (TypeId(89))
                Parameters:
                    Felt contract_id (Identifier { id: IdentId(78), location: Location { file_id: FileId(5), start: 3284, end: 3295 } }, TypeId(89))
                    Felt method_id (Identifier { id: IdentId(152), location: Location { file_id: FileId(5), start: 3303, end: 3312 } }, TypeId(89))
                    U inputs (Identifier { id: IdentId(153), location: Location { file_id: FileId(5), start: 3320, end: 3326 } }, TypeId(89))
                Return Type: T (TypeId(376))
                Body: ExprId(2259)
                Generic Parameters: [TypeId(376), TypeId(377)]
            pub fn invoke_deferred (TypeId(90))
                Parameters:
                    Felt contract_id (Identifier { id: IdentId(78), location: Location { file_id: FileId(5), start: 3424, end: 3435 } }, TypeId(90))
                    Felt method_id (Identifier { id: IdentId(152), location: Location { file_id: FileId(5), start: 3443, end: 3452 } }, TypeId(90))
                    U inputs (Identifier { id: IdentId(153), location: Location { file_id: FileId(5), start: 3460, end: 3466 } }, TypeId(90))
                Return Type: void (TypeId(1))
                Body: ExprId(2264)
                Generic Parameters: [TypeId(378), TypeId(379)]
            pub fn clear_entire_tree (TypeId(91))
                Return Type: void (TypeId(1))
                Body: ExprId(2265)
            pub Felt (TypeId(3))
            pub Array (TypeId(7))
            pub CheckedValueRef(RwLock { data: U32(4u32), poisoned: false, .. }) (TypeId(8))
            pub Array (TypeId(9))
            pub Array (TypeId(9))
            pub CheckedValueRef(RwLock { data: U32(1u32), poisoned: false, .. }) (TypeId(124))
            pub Array (TypeId(139))
            pub Array (TypeId(149))
            pub Array (TypeId(166))
            pub Array (TypeId(274))
            pub Array (TypeId(277))
            pub Array (TypeId(280))
            pub Array (TypeId(283))
            pub Array (TypeId(287))
            pub Array (TypeId(293))
            pub Array (TypeId(299))
            pub Array (TypeId(310))
            pub Array (TypeId(316))
            pub trait Default (TypeId(93))
                Body: [DefId(67)]
                Unchecked Body: [DefId(208)]
            pub fn transmute (TypeId(95))
                Parameters:
                    T x (Identifier { id: IdentId(157), location: Location { file_id: FileId(7), start: 23, end: 24 } }, TypeId(95))
                Return Type: U (TypeId(383))
                Body: ExprId(2274)
                Generic Parameters: [TypeId(383), TypeId(384)]
            pub fn size_of (TypeId(96))
                Return Type: Felt (TypeId(3))
                Body: ExprId(2276)
                Generic Parameters: [TypeId(385)]
            pub trait Event (TypeId(98))
                Body: [DefId(71)]
                Unchecked Body: [DefId(218)]
        ScopeId(84) (Function)
            Variables:
                a: Felt
                b: Felt
            ScopeId(593) (Block)
        ScopeId(85) (Function)
            Variables:
                a: Felt
                b: Felt
            ScopeId(594) (Block)
    ScopeId(86) (Trait)
        Types:
            pub fn age (TypeId(102))
                Parameters:
                    Self self (Identifier { id: IdentId(9), location: Location { file_id: FileId(0), start: 291, end: 295 } }, TypeId(102))
                Return Type: Felt (TypeId(3))
            pub Self (TypeId(104))
        ScopeId(87) (TraitMethod)
            Variables:
                self: Self
    ScopeId(88) (Struct)
    ScopeId(89) (Struct)
    ScopeId(90) (Struct)
    ScopeId(91) (Function)
        ScopeId(602) (Block)
            Variables:
                a: Felt
                b: Felt
                c: Felt
                mut d: Array
                e: Felt
                t: bool
                f: bool
                t_eq_f: bool
                t_neq_f: bool
                r: bool
                min_a_b: Felt
                max2_a_b: Felt
                person: Person
                mut persons: Array
                family: Family
                age: Felt
                age_via_trait: Felt
                height: Felt
                year_of_birth: Felt
            Types:
                fn max_2 (TypeId(573))
                    Parameters:
                        Felt a (Identifier { id: IdentId(24), location: Location { file_id: FileId(0), start: 1688, end: 1689 } }, TypeId(573))
                        Felt b (Identifier { id: IdentId(25), location: Location { file_id: FileId(0), start: 1697, end: 1698 } }, TypeId(573))
                    Return Type: Felt (TypeId(3))
                    Body: ExprId(2406)
            ScopeId(603) (Function)
                Variables:
                    a: Felt
                    b: Felt
                ScopeId(604) (Block)
    ScopeId(249) (Impl)
        Types:
            struct Person (TypeId(105))
                Fields:
                    pub Tuple age_height (Identifier { id: IdentId(30), location: Location { file_id: FileId(0), start: 339, end: 349 } }, TypeId(105))
                    pub Felt year_of_birth (Identifier { id: IdentId(31), location: Location { file_id: FileId(0), start: 383, end: 396 } }, TypeId(105))
            pub fn age (TypeId(389))
                Parameters:
                    Person self (Identifier { id: IdentId(9), location: Location { file_id: FileId(0), start: 451, end: 455 } }, TypeId(389))
                Return Type: Felt (TypeId(3))
                Body: ExprId(2313)
        ScopeId(250) (TraitMethod)
            Variables:
                self: Person
            ScopeId(595) (Block)
    ScopeId(251) (Impl)
        Types:
            struct Person (TypeId(105))
                Fields:
                    pub Tuple age_height (Identifier { id: IdentId(30), location: Location { file_id: FileId(0), start: 339, end: 349 } }, TypeId(105))
                    pub Felt year_of_birth (Identifier { id: IdentId(31), location: Location { file_id: FileId(0), start: 383, end: 396 } }, TypeId(105))
            pub fn set_age (TypeId(391))
                Parameters:
                    mut Person self (Identifier { id: IdentId(9), location: Location { file_id: FileId(0), start: 648, end: 652 } }, TypeId(391))
                    Felt new_age (Identifier { id: IdentId(37), location: Location { file_id: FileId(0), start: 662, end: 669 } }, TypeId(391))
                Return Type: void (TypeId(1))
                Body: ExprId(2320)
            pub fn get_age (TypeId(392))
                Parameters:
                    Person self (Identifier { id: IdentId(9), location: Location { file_id: FileId(0), start: 744, end: 748 } }, TypeId(392))
                Return Type: Felt (TypeId(3))
                Body: ExprId(2326)
            pub fn set_height (TypeId(393))
                Parameters:
                    mut Person self (Identifier { id: IdentId(9), location: Location { file_id: FileId(0), start: 837, end: 841 } }, TypeId(393))
                    Felt new_height (Identifier { id: IdentId(40), location: Location { file_id: FileId(0), start: 851, end: 861 } }, TypeId(393))
                Return Type: void (TypeId(1))
                Body: ExprId(2333)
            pub fn get_height (TypeId(394))
                Parameters:
                    Person self (Identifier { id: IdentId(9), location: Location { file_id: FileId(0), start: 942, end: 946 } }, TypeId(394))
                Return Type: Felt (TypeId(3))
                Body: ExprId(2339)
            pub fn get_year_of_birth (TypeId(395))
                Parameters:
                    Person self (Identifier { id: IdentId(9), location: Location { file_id: FileId(0), start: 1038, end: 1042 } }, TypeId(395))
                Return Type: Felt (TypeId(3))
                Body: ExprId(2342)
            pub fn set_year_of_birth (TypeId(396))
                Parameters:
                    mut Person self (Identifier { id: IdentId(9), location: Location { file_id: FileId(0), start: 1136, end: 1140 } }, TypeId(396))
                    Felt new_year_of_birth (Identifier { id: IdentId(44), location: Location { file_id: FileId(0), start: 1150, end: 1167 } }, TypeId(396))
                Return Type: void (TypeId(1))
                Body: ExprId(2346)
        ScopeId(252) (ImplMethod)
            Variables:
                mut self: Person
                new_age: Felt
            ScopeId(596) (Block)
        ScopeId(253) (ImplMethod)
            Variables:
                self: Person
            ScopeId(597) (Block)
        ScopeId(254) (ImplMethod)
            Variables:
                mut self: Person
                new_height: Felt
            ScopeId(598) (Block)
        ScopeId(255) (ImplMethod)
            Variables:
                self: Person
            ScopeId(599) (Block)
        ScopeId(256) (ImplMethod)
            Variables:
                self: Person
            ScopeId(600) (Block)
        ScopeId(257) (ImplMethod)
            Variables:
                mut self: Person
                new_year_of_birth: Felt
            ScopeId(601) (Block)
